// mocha-expect-snapshot snapshot v1

exports[`creating test > toMachSnapshot() > should match one snapshot 1`] = `
{
  "foo": "bar",
}
`;

exports[`creating test > toMachSnapshot() > should match two snapshots 1`] = `
{
  "foo": "bar",
}
`;

exports[`creating test > toMachSnapshot() > should match two snapshots 2`] = `
{
  "foo2": "bar",
}
`;
