// Jest Snapshot v1, https://goo.gl/fbAQLP

exports[`creting test toMachSnapshot() should match one snapshot 1`] = `
{
  "foo": "bar",
}
`;

exports[`creting test toMachSnapshot() should match two snapshots 1`] = `
{
  "foo": "bar",
}
`;

exports[`creting test toMachSnapshot() should match two snapshots 2`] = `
{
  "foo2": "bar",
}
`;
